// Jest Snapshot v1, https://goo.gl/fbAQLP

exports[`Login Component should match snapshot 1`] = `
<div
  className="login-cont"
>
  <withRouter(Connect(Header)) />
  <form
    className="login-form"
    onSubmit={[Function]}
  >
    <h1>
      Log In
    </h1>
    <input
      className="email-input"
      name="email"
      onChange={[Function]}
      placeholder="Email"
      required={true}
      type="email"
      value=""
    />
    <input
      className="password-input"
      name="password"
      onChange={[Function]}
      placeholder="Password"
      required={true}
      type="password"
      value=""
    />
    <button>
      Login
    </button>
  </form>
</div>
`;
