// Jest Snapshot v1, https://goo.gl/fbAQLP

exports[`ContentRoute should match snapshot with default path 1`] = `
<Switch>
  <Route
    component={[Function]}
    exact={true}
    path="/"
  />
  <Route
    component={[Function]}
    exact={true}
    path="/login"
  />
  <Route
    component={[Function]}
    exact={true}
    path="/signup"
  />
  <Route
    component={[Function]}
    exact={true}
    path="/user"
  />
</Switch>
`;
