// Jest Snapshot v1, https://goo.gl/fbAQLP

exports[`Home should match snapshot 1`] = `
<article
  className="home-cont"
>
  <Connect(Component) />
  <withRouter(Connect(CitySearch)) />
</article>
`;
