// Jest Snapshot v1, https://goo.gl/fbAQLP

exports[`Meetup should match snapshot 1`] = `
<article
  className="meetup"
>
  <h2 />
  <a>
    website
  </a>
</article>
`;
