// Jest Snapshot v1, https://goo.gl/fbAQLP

exports[`MeetupsCont should match snapshot 1`] = `
<section
  className="meetups-cont"
>
  <Meetup
    key="NaN"
  />
  <Meetup
    key="NaN"
  />
</section>
`;
